{
  "key_1": "1",
  "key_2": "2",
  "key_4": true,
  "key_5": null,
  "key_6": {
    "key_1": "1",
    "key_2": 2,
    "key_3": 3.5,
    "key_4": true,
    "key_5": [],
    "key_6": [
      "6",
      "6",
      6.75,
      false,
      1,
      5
    ],
    "key_7": {
      "key_1": 1,
      "key_2": [
        2,
        true,
        [
          1,
          "2"
        ]
      ]
    },
    "key_8": 31
  },
  "key_7": {
    "key_9": 1,
    "key_10": [
      1,
      "2",
      false
    ]
  }
}