{
  "key_1": "1",
  "key_2": "2",
  "key_3": null,
  "key_4": true,
  "key_5": null,
  "key_6": {
    "key_1": "1",
    "key_2": 2,
    "key_3": 3.5,
    "key_4": true,
    "key_5": [],
    "key_6": [
      null,
      "6",
      6.75,
      null,
      1
    ],
    "key_7": {
      "key_1": 1,
      "key_2": [
        2,
        true,
        [
          1,
          "2"
        ]
      ]
    }
  }
}